○ · no broker                                              msgs 0  0/s  topics 0
╭──────────────────────╮╭──────────────────────────────────────────────────────╮
│[1] Topics (0)        ││[2] Messages  all topics  (0)                         │
│  no topics yet       ││  no messages                                         │
│                      ││                                                      │
│                      ││                                                      │
│                      ││                                                      │
│                      ││                                                      │
│                      ││                                                      │
│                      ││                                                      │
│                      ││                                                      │
│                      │╰──────────────────────────────────────────────────────╯
│                      │╭──────────────────────────────────────────────────────╮
│                      ││[3] Detail                                            │
│                      ││  select a topic to see its messages                  │
│                      ││                                                      │
│                      ││                                                      │
╰──────────────────────╯│                                                      │
╭──────────────────────╮│                                                      │
│[4] Subscriptions (0) ││                                                      │
│  n…                  ││                                                      │
│                      ││                                                      │
╰──────────────────────╯╰──────────────────────────────────────────────────────╯
↓/j down • ⇥ next panel • s subscribe • p publish • / filter • y copy payload …