○ · no broker                                                                                      msgs 6  0/s  topics 6
╭──────────────────────────────────╮╭──────────────────────────────────────────────────────────────────────────────────╮
│[1] Topics (6)                    ││[2] Messages  all topics  (6)                                                     │
│  ▾ devices                     2 ││09:26:51.500  q2 -  factory/line1/press/cycles  10428                             │
│    ▸ lamp-01                   2 ││09:26:51.400  q0 -  devices/lamp-01/available  online                             │
│  ▾ factory                     1 ││09:26:51.300  q1 R  devices/lamp-01/state  {"on":true,"brightness":80}            │
│    ▸ line1                     1 ││09:26:51.200  q1 -  home/kitchen/temperature  23.1                                │
│  ▾ home                        3 ││09:26:51.100  q0 -  home/livingroom/humidity  48                                  │
│    ▸ kitchen                   1 ││09:26:51.000  q0 R  home/livingroom/temperature  21.5                             │
│    ▸ livingroom                2 ││                                                                                  │
│                                  ││                                                                                  │
│                                  ││                                                                                  │
│                                  ││                                                                                  │
│                                  ││                                                                                  │
│                                  ││                                                                                  │
│                                  ││                                                                                  │
│                                  ││                                                                                  │
│                                  ││                                                                                  │
│                                  ││                                                                                  │
│                                  │╰──────────────────────────────────────────────────────────────────────────────────╯
│                                  │╭──────────────────────────────────────────────────────────────────────────────────╮
│                                  ││[3] Detail                                                                        │
│                                  ││topic     factory/line1/press/cycles                                              │
│                                  ││meta      qos 2   retain false   dup false   size 5 B                             │
│                                  ││received  09:26:51.500 (local)                                                    │
│                                  ││──────────────────────────────────────────────────────────────────────────────────│
│                                  ││10428                                                                             │
│                                  ││                                                                                  │
│                                  ││                                                                                  │
╰──────────────────────────────────╯│                                                                                  │
╭──────────────────────────────────╮│                                                                                  │
│[4] Subscriptions (0)             ││                                                                                  │
│  none — press s to subscribe     ││                                                                                  │
│                                  ││                                                                                  │
│                                  ││                                                                                  │
│                                  ││                                                                                  │
│                                  ││                                                                                  │
│                                  ││                                                                                  │
╰──────────────────────────────────╯╰──────────────────────────────────────────────────────────────────────────────────╯
↓/j down • ⇥ next panel • s subscribe • p publish • / filter • y copy payload • ␣ pause view • ? help • q quit