○ · no broker                                    msgs 6  0/s  topics 6  /kitchen
╭──────────────────────╮╭──────────────────────────────────────────────────────╮
│[1] Topics (6)        ││[2] Messages  all topics  (6)                         │
│  ▸ home            3 ││09:26:51.500  q2 -  factory/line1/pre…  10428         │
│                      ││09:26:51.400  q0 -  devices/lamp-01/a…  online        │
│                      ││09:26:51.300  q1 R  devices/lamp-01/s…  {"on":true,"b…│
│                      ││09:26:51.200  q1 -  home/kitchen/temp…  23.1          │
│                      ││09:26:51.100  q0 -  home/livingroom/h…  48            │
│                      ││09:26:51.000  q0 R  home/livingroom/t…  21.5          │
│                      ││                                                      │
│                      ││                                                      │
│                      │╰──────────────────────────────────────────────────────╯
│                      │╭──────────────────────────────────────────────────────╮
│                      ││[3] Detail                                            │
│                      ││topic     factory/line1/press/cycles                  │
│                      ││meta      qos 2   retain false   dup false   size 5 B │
│                      ││received  09:26:51.500 (local)                        │
╰──────────────────────╯│──────────────────────────────────────────────────────│
╭──────────────────────╮│10428                                                 │
│[4] Subscriptions (0) ││                                                      │
│  n…                  ││                                                      │
│                      ││                                                      │
╰──────────────────────╯╰──────────────────────────────────────────────────────╯
filter: kitchen 