○ · no broker                                                                                      msgs 6  0/s  topics 6
╭──────────────────────────────────╮╭──────────────────────────────────────────────────────────────────────────────────╮
│[1] Topics (6)                    ││[2] Messages  devices/lamp-01/available  (1)                                      │
│  ▾ devices                     2 ││09:26:51.400  q0 -  online                                                        │
│    ▾ lamp-01                   2 ││                                                                                  │
│      ● available               1 ││                                                                                  │
│      ● state                   1 ││                                                                                  │
│  ▸ factory                     1 ││                                                                                  │
│  ▸ home                        3 ││                                                                                  │
│                                  ││                                                                                  │
│                                  ││                                                                                  │
│                                  ││                                                                                  │
│                                  ││                                                                                  │
│                                  ││                                                                                  │
│                                  ││                                                                                  │
│                                  ││                                                                                  │
│                                  ││                                                                                  │
│                                  ││                                                                                  │
│                                  ││                                                                                  │
│                                  │╰──────────────────────────────────────────────────────────────────────────────────╯
│                                  │╭──────────────────────────────────────────────────────────────────────────────────╮
│                                  ││[3] Detail                                                                        │
│                                  ││topic     devices/lamp-01/available                                               │
│                                  ││meta      qos 0   retain false   dup false   size 6 B                             │
│                                  ││received  09:26:51.400 (local)                                                    │
│                                  ││──────────────────────────────────────────────────────────────────────────────────│
│                                  ││online                                                                            │
│                                  ││                                                                                  │
│                                  ││                                                                                  │
╰──────────────────────────────────╯│                                                                                  │
╭──────────────────────────────────╮│                                                                                  │
│[4] Subscriptions (0)             ││                                                                                  │
│  none — press s to subscribe     ││                                                                                  │
│                                  ││                                                                                  │
│                                  ││                                                                                  │
│                                  ││                                                                                  │
│                                  ││                                                                                  │
│                                  ││                                                                                  │
╰──────────────────────────────────╯╰──────────────────────────────────────────────────────────────────────────────────╯
↓/j down • ⇥ next panel • s subscribe • p publish • / filter • y copy payload • ␣ pause view • ? help • q quit