                                                                                                                        
                                                                                                                        
                                                                                                                        
                                                                                                                        
                                                                                                                        
                                                                                                                        
                                                                                                                        
                                                                                                                        
                                                                                                                        
                                                                                                                        
                                                                                                                        
          ╭──────────────────────────────────────────────────────────────────────────────────────────────────╮          
          │Publish                                                                                           │          
          │▸ topic                                                                                           │          
          │  devices                                                                                         │          
          │  payload                                                                                         │          
          │                                                                                                  │          
          │                                                                                                  │          
          │                                                                                                  │          
          │                                                                                                  │          
          │                                                                                                  │          
          │                                                                                                  │          
          │                                                                                                  │          
          │                                                                                                  │          
          │                                                                                                  │          
          │  qos   ●0  1  2                                                                                  │          
          │  retain  [ ]                                                                                     │          
          │⇥ field  ↵ publish  esc cancel                                                                    │          
          ╰──────────────────────────────────────────────────────────────────────────────────────────────────╯          
                                                                                                                        
                                                                                                                        
                                                                                                                        
                                                                                                                        
                                                                                                                        
                                                                                                                        
                                                                                                                        
                                                                                                                        
                                                                                                                        
                                                                                                                        
                                                                                                                        