○ · no broker      msgs 6  0/s  topics 6
╭──────────────────────────────────────╮
│[1] Topics (6)                        │
│  ▸ devices                         2 │
│  ▸ factory                         1 │
│  ▸ home                            3 │
│                                      │
│                                      │
│                                      │
│                                      │
│                                      │
│                                      │
│                                      │
│                                      │
│                                      │
│                                      │
│                                      │
│                                      │
╰──────────────────────────────────────╯
↓/j down • ⇥ next panel • s subscribe …